--------------------------------------------------------------------------------------------------------------------------------------------------------------------------------------------------------
      name:  <unnamed>
       log:  G:/Kuangyu_Temp/Outsource/productivity/productivity/large_sample/unit_harmonization/logs/01b_find_badchars.log
  log type:  text
 opened on:  29 Jul 2026, 16:40:53

. 
. *=====================================================================
. * 01b_find_badchars —— 定位字符串字段里"肉眼看不见"的字符
. *
. * 用途：firm_id / 项目代码 / 单位 里混进了看不出来的字符（不间断空格、零宽空格、
. *       BOM、制表符、全角空格、控制字符……）。肉眼和 list 都看不到，但会让
. *       "^[0-9]+$" 判定失败、让本该相同的单位裂成两个取值。
. *
. * 原理：ustrtohex() 把字符串逐字符转成十六进制码点，隐形字符立刻现形；
. *       ustrregexm() 是 Unicode 正则（regexm 按字节走，认不出 \uXXXX）。
. *
. * 做法：每次只用 colrange() 读【一列】，再 contract 成去重清单再扫描
. *       —— 内存占用极小，不需要 preserve，也不会写几个 GB 的临时文件。
. *
. * 本步【只读不写】，只产 log。
. *=====================================================================
. 
. 
. *########################### 工具程序 ###########################
. * _hexscan：单列体检
. *   args 1 = CSV 文件名
. *        2 = 列号（colrange）
. *        3 = 该列的中文名（仅用于打印）
. *        4 = "可疑字符"的 Unicode 正则；命中即为可疑
. *   注：正则一律写成【命中即可疑】的形式，不要用 ^...$ 全匹配
. *       —— 模式里带 $ 会被 Stata 当成 global 宏前缀
. capture program drop _hexscan

. program define _hexscan
  1.     args file col label pat
  2. 
.     di _n as text "  ----------------------------------------------------------"
  3.     di as result "  `file'  第 `col' 列：`label'"
  4. 
.     qui import delimited "$csv/`file'", clear stringcols(_all) bindquote(nobind) ///
>         colrange(`col':`col')
  5.     qui count
  6.     di as text "    该列行数        : " as result r(N)
  7. 
.     * 只剩一个变量，取它的名字
.     qui ds
  8.     local v = r(varlist)
  9. 
.     * 去重成清单（77k / 549k 量级，很小）
.     qui contract `v', freq(_freq)
 10.     qui count
 11.     di as text "    去重取值数      : " as result r(N)
 12. 
.     qui gen byte _bad = ustrregexm(`v', "`pat'")
 13.     qui count if _bad
 14.     local nbad = r(N)
 15.     di as text "    命中可疑字符的取值数 : " as result `nbad'
 16. 
.     if `nbad' == 0 {
 17.         di as text "    ✓ 干净"
 18.         exit
 19.     }
 20. 
.     qui summ _freq if _bad, meanonly
 21.     di as text "    这些取值一共影响行数 : " as result r(sum)
 22. 
.     * 只列前 200 个，按影响行数从大到小
.     qui keep if _bad
 23.     gsort -_freq
 24.     qui gen str244 _hex = ustrtohex(`v')
 25.     qui gen int  _nb  = length(`v')
 26.     qui gen int  _nc  = ustrlen(`v')
 27.     local nshow = min(200, `nbad')
 28.     di _n as text "    值 / 影响行数 / 字节长 / 字符数 / 码点"
 29.     list `v' _freq _nb _nc _hex in 1/`nshow', clean noobs
 30.     if `nbad' > 200 {
 31.         di as text "    —— 共 `nbad' 个，上面只列了影响行数最大的 200 个"
 32.     }
 33. end

. 
. 
. *########################### 表1：firm_buy ###########################
. * 列序：1 购方企业ID  2 项目代码  3 单位  4 year  5 金额合计  6 数量合计
. 
. * 企业 ID：只要出现非数字字符就算可疑
. _hexscan "firm_buy.csv" 1 "购方企业ID" "[^0-9]"

  ----------------------------------------------------------
  firm_buy.csv  第 1 列：购方企业ID
    该列行数        : 15243649
    去重取值数      : 100004
    命中可疑字符的取值数 : 100004
    这些取值一共影响行数 : 15243649

    值 / 影响行数 / 字节长 / 字符数 / 码点

            v1    _freq   _nb   _nc                                                           _hex  
     "6612322"   113756     9     9         \u0022\u0036\u0036\u0031\u0032\u0033\u0032\u0032\u0022  
       "90520"    75654     7     7                     \u0022\u0039\u0030\u0035\u0032\u0030\u0022  
    "10264455"    32714    10    10   \u0022\u0031\u0030\u0032\u0036\u0034\u0034\u0035\u0035\u0022  
     "3782310"    31312     9     9         \u0022\u0033\u0037\u0038\u0032\u0033\u0031\u0030\u0022  
    "17066245"    26057    10    10   \u0022\u0031\u0037\u0030\u0036\u0036\u0032\u0034\u0035\u0022  
    "32191446"    24302    10    10   \u0022\u0033\u0032\u0031\u0039\u0031\u0034\u0034\u0036\u0022  
    "46080497"    16024    10    10   \u0022\u0034\u0036\u0030\u0038\u0030\u0034\u0039\u0037\u0022  
    "40787621"    15359    10    10   \u0022\u0034\u0030\u0037\u0038\u0037\u0036\u0032\u0031\u0022  
     "4385564"    13576     9     9         \u0022\u0034\u0033\u0038\u0035\u0035\u0036\u0034\u0022  
         "933"    12854     5     5                                 \u0022\u0039\u0033\u0033\u0022  
     "7852512"    12293     9     9         \u0022\u0037\u0038\u0035\u0032\u0035\u0031\u0032\u0022  
    "30062872"    11681    10    10   \u0022\u0033\u0030\u0030\u0036\u0032\u0038\u0037\u0032\u0022  
    "26868111"    11586    10    10   \u0022\u0032\u0036\u0038\u0036\u0038\u0031\u0031\u0031\u0022  
    "37402176"    11559    10    10   \u0022\u0033\u0037\u0034\u0030\u0032\u0031\u0037\u0036\u0022  
    "21436222"    11307    10    10   \u0022\u0032\u0031\u0034\u0033\u0036\u0032\u0032\u0032\u0022  
    "25171660"    10659    10    10   \u0022\u0032\u0035\u0031\u0037\u0031\u0036\u0036\u0030\u0022  
    "27615054"    10455    10    10   \u0022\u0032\u0037\u0036\u0031\u0035\u0030\u0035\u0034\u0022  
    "20813621"    10251    10    10   \u0022\u0032\u0030\u0038\u0031\u0033\u0036\u0032\u0031\u0022  
    "19510853"     9800    10    10   \u0022\u0031\u0039\u0035\u0031\u0030\u0038\u0035\u0033\u0022  
    "31401969"     9557    10    10   \u0022\u0033\u0031\u0034\u0030\u0031\u0039\u0036\u0039\u0022  
    "10403041"     9446    10    10   \u0022\u0031\u0030\u0034\u0030\u0033\u0030\u0034\u0031\u0022  
    "17913612"     9325    10    10   \u0022\u0031\u0037\u0039\u0031\u0033\u0036\u0031\u0032\u0022  
    "16614612"     9127    10    10   \u0022\u0031\u0036\u0036\u0031\u0034\u0036\u0031\u0032\u0022  
    "40745119"     9126    10    10   \u0022\u0034\u0030\u0037\u0034\u0035\u0031\u0031\u0039\u0022  
    "42244230"     8820    10    10   \u0022\u0034\u0032\u0032\u0034\u0034\u0032\u0033\u0030\u0022  
     "2934731"     8601     9     9         \u0022\u0032\u0039\u0033\u0034\u0037\u0033\u0031\u0022  
    "29400022"     8546    10    10   \u0022\u0032\u0039\u0034\u0030\u0030\u0030\u0032\u0032\u0022  
    "47670104"     8492    10    10   \u0022\u0034\u0037\u0036\u0037\u0030\u0031\u0030\u0034\u0022  
    "18707583"     8188    10    10   \u0022\u0031\u0038\u0037\u0030\u0037\u0035\u0038\u0033\u0022  
    "34043030"     8069    10    10   \u0022\u0033\u0034\u0030\u0034\u0033\u0030\u0033\u0030\u0022  
    "20488385"     7952    10    10   \u0022\u0032\u0030\u0034\u0038\u0038\u0033\u0038\u0035\u0022  
    "19405500"     7775    10    10   \u0022\u0031\u0039\u0034\u0030\u0035\u0035\u0030\u0030\u0022  
    "29557689"     7543    10    10   \u0022\u0032\u0039\u0035\u0035\u0037\u0036\u0038\u0039\u0022  
    "33807352"     7516    10    10   \u0022\u0033\u0033\u0038\u0030\u0037\u0033\u0035\u0032\u0022  
    "34385849"     7515    10    10   \u0022\u0033\u0034\u0033\u0038\u0035\u0038\u0034\u0039\u0022  
    "20277372"     7425    10    10   \u0022\u0032\u0030\u0032\u0037\u0037\u0033\u0037\u0032\u0022  
     "1272875"     7365     9     9         \u0022\u0031\u0032\u0037\u0032\u0038\u0037\u0035\u0022  
    "34971834"     7069    10    10   \u0022\u0033\u0034\u0039\u0037\u0031\u0038\u0033\u0034\u0022  
    "15730802"     7043    10    10   \u0022\u0031\u0035\u0037\u0033\u0030\u0038\u0030\u0032\u0022  
    "13766382"     6968    10    10   \u0022\u0031\u0033\u0037\u0036\u0036\u0033\u0038\u0032\u0022  
    "34010382"     6963    10    10   \u0022\u0033\u0034\u0030\u0031\u0030\u0033\u0038\u0032\u0022  
    "42053838"     6953    10    10   \u0022\u0034\u0032\u0030\u0035\u0033\u0038\u0033\u0038\u0022  
     "8567936"     6930     9     9         \u0022\u0038\u0035\u0036\u0037\u0039\u0033\u0036\u0022  
    "20574759"     6668    10    10   \u0022\u0032\u0030\u0035\u0037\u0034\u0037\u0035\u0039\u0022  
    "39277493"     6625    10    10   \u0022\u0033\u0039\u0032\u0037\u0037\u0034\u0039\u0033\u0022  
    "18693512"     6592    10    10   \u0022\u0031\u0038\u0036\u0039\u0033\u0035\u0031\u0032\u0022  
    "14690438"     6549    10    10   \u0022\u0031\u0034\u0036\u0039\u0030\u0034\u0033\u0038\u0022  
     "5520031"     6523     9     9         \u0022\u0035\u0035\u0032\u0030\u0030\u0033\u0031\u0022  
    "17559583"     6513    10    10   \u0022\u0031\u0037\u0035\u0035\u0039\u0035\u0038\u0033\u0022  
    "15429695"     6502    10    10   \u0022\u0031\u0035\u0034\u0032\u0039\u0036\u0039\u0035\u0022  
    "19818420"     6465    10    10   \u0022\u0031\u0039\u0038\u0031\u0038\u0034\u0032\u0030\u0022  
    "24718322"     6447    10    10   \u0022\u0032\u0034\u0037\u0031\u0038\u0033\u0032\u0032\u0022  
    "36122569"     6366    10    10   \u0022\u0033\u0036\u0031\u0032\u0032\u0035\u0036\u0039\u0022  
    "40267939"     6364    10    10   \u0022\u0034\u0030\u0032\u0036\u0037\u0039\u0033\u0039\u0022  
    "26898814"     6324    10    10   \u0022\u0032\u0036\u0038\u0039\u0038\u0038\u0031\u0034\u0022  
    "28940578"     6310    10    10   \u0022\u0032\u0038\u0039\u0034\u0030\u0035\u0037\u0038\u0022  
    "21126588"     6108    10    10   \u0022\u0032\u0031\u0031\u0032\u0036\u0035\u0038\u0038\u0022  
    "40807789"     6085    10    10   \u0022\u0034\u0030\u0038\u0030\u0037\u0037\u0038\u0039\u0022  
     "2788791"     6082     9     9         \u0022\u0032\u0037\u0038\u0038\u0037\u0039\u0031\u0022  
     "4181642"     6039     9     9         \u0022\u0034\u0031\u0038\u0031\u0036\u0034\u0032\u0022  
    "43696365"     6032    10    10   \u0022\u0034\u0033\u0036\u0039\u0036\u0033\u0036\u0035\u0022  
    "18632630"     5968    10    10   \u0022\u0031\u0038\u0036\u0033\u0032\u0036\u0033\u0030\u0022  
    "30778828"     5952    10    10   \u0022\u0033\u0030\u0037\u0037\u0038\u0038\u0032\u0038\u0022  
    "34537838"     5932    10    10   \u0022\u0033\u0034\u0035\u0033\u0037\u0038\u0033\u0038\u0022  
    "33122894"     5891    10    10   \u0022\u0033\u0033\u0031\u0032\u0032\u0038\u0039\u0034\u0022  
    "29155874"     5863    10    10   \u0022\u0032\u0039\u0031\u0035\u0035\u0038\u0037\u0034\u0022  
     "7538792"     5843     9     9         \u0022\u0037\u0035\u0033\u0038\u0037\u0039\u0032\u0022  
     "2616869"     5814     9     9         \u0022\u0032\u0036\u0031\u0036\u0038\u0036\u0039\u0022  
    "10689558"     5807    10    10   \u0022\u0031\u0030\u0036\u0038\u0039\u0035\u0035\u0038\u0022  
    "11161246"     5701    10    10   \u0022\u0031\u0031\u0031\u0036\u0031\u0032\u0034\u0036\u0022  
    "31108030"     5681    10    10   \u0022\u0033\u0031\u0031\u0030\u0038\u0030\u0033\u0030\u0022  
    "14240186"     5679    10    10   \u0022\u0031\u0034\u0032\u0034\u0030\u0031\u0038\u0036\u0022  
     "2705238"     5639     9     9         \u0022\u0032\u0037\u0030\u0035\u0032\u0033\u0038\u0022  
    "21506876"     5620    10    10   \u0022\u0032\u0031\u0035\u0030\u0036\u0038\u0037\u0036\u0022  
    "13640752"     5591    10    10   \u0022\u0031\u0033\u0036\u0034\u0030\u0037\u0035\u0032\u0022  
      "795131"     5540     8     8               \u0022\u0037\u0039\u0035\u0031\u0033\u0031\u0022  
    "41501099"     5513    10    10   \u0022\u0034\u0031\u0035\u0030\u0031\u0030\u0039\u0039\u0022  
    "34195347"     5466    10    10   \u0022\u0033\u0034\u0031\u0039\u0035\u0033\u0034\u0037\u0022  
    "14717050"     5452    10    10   \u0022\u0031\u0034\u0037\u0031\u0037\u0030\u0035\u0030\u0022  
      "252642"     5427     8     8               \u0022\u0032\u0035\u0032\u0036\u0034\u0032\u0022  
    "18629187"     5355    10    10   \u0022\u0031\u0038\u0036\u0032\u0039\u0031\u0038\u0037\u0022  
    "24096999"     5332    10    10   \u0022\u0032\u0034\u0030\u0039\u0036\u0039\u0039\u0039\u0022  
     "1570799"     5329     9     9         \u0022\u0031\u0035\u0037\u0030\u0037\u0039\u0039\u0022  
    "12205086"     5257    10    10   \u0022\u0031\u0032\u0032\u0030\u0035\u0030\u0038\u0036\u0022  
    "32481725"     5255    10    10   \u0022\u0033\u0032\u0034\u0038\u0031\u0037\u0032\u0035\u0022  
    "41314968"     5250    10    10   \u0022\u0034\u0031\u0033\u0031\u0034\u0039\u0036\u0038\u0022  
     "7596494"     5230     9     9         \u0022\u0037\u0035\u0039\u0036\u0034\u0039\u0034\u0022  
    "38150125"     5175    10    10   \u0022\u0033\u0038\u0031\u0035\u0030\u0031\u0032\u0035\u0022  
    "18214215"     5160    10    10   \u0022\u0031\u0038\u0032\u0031\u0034\u0032\u0031\u0035\u0022  
    "41250602"     5146    10    10   \u0022\u0034\u0031\u0032\u0035\u0030\u0036\u0030\u0032\u0022  
    "14380201"     5134    10    10   \u0022\u0031\u0034\u0033\u0038\u0030\u0032\u0030\u0031\u0022  
    "47620114"     5130    10    10   \u0022\u0034\u0037\u0036\u0032\u0030\u0031\u0031\u0034\u0022  
     "3815407"     5086     9     9         \u0022\u0033\u0038\u0031\u0035\u0034\u0030\u0037\u0022  
    "28560946"     5076    10    10   \u0022\u0032\u0038\u0035\u0036\u0030\u0039\u0034\u0036\u0022  
    "33127742"     5068    10    10   \u0022\u0033\u0033\u0031\u0032\u0037\u0037\u0034\u0032\u0022  
    "39995147"     5060    10    10   \u0022\u0033\u0039\u0039\u0039\u0035\u0031\u0034\u0037\u0022  
    "42203375"     5059    10    10   \u0022\u0034\u0032\u0032\u0030\u0033\u0033\u0037\u0035\u0022  
    "27319397"     5059    10    10   \u0022\u0032\u0037\u0033\u0031\u0039\u0033\u0039\u0037\u0022  
      "268741"     5032     8     8               \u0022\u0032\u0036\u0038\u0037\u0034\u0031\u0022  
    "15800673"     5013    10    10   \u0022\u0031\u0035\u0038\u0030\u0030\u0036\u0037\u0033\u0022  
     "4717106"     5001     9     9         \u0022\u0034\u0037\u0031\u0037\u0031\u0030\u0036\u0022  
    "14328237"     4998    10    10   \u0022\u0031\u0034\u0033\u0032\u0038\u0032\u0033\u0037\u0022  
    "29053915"     4998    10    10   \u0022\u0032\u0039\u0030\u0035\u0033\u0039\u0031\u0035\u0022  
    "39984967"     4980    10    10   \u0022\u0033\u0039\u0039\u0038\u0034\u0039\u0036\u0037\u0022  
    "10900108"     4934    10    10   \u0022\u0031\u0030\u0039\u0030\u0030\u0031\u0030\u0038\u0022  
     "9167137"     4928     9     9         \u0022\u0039\u0031\u0036\u0037\u0031\u0033\u0037\u0022  
    "29508677"     4875    10    10   \u0022\u0032\u0039\u0035\u0030\u0038\u0036\u0037\u0037\u0022  
    "14168147"     4823    10    10   \u0022\u0031\u0034\u0031\u0036\u0038\u0031\u0034\u0037\u0022  
     "1250616"     4802     9     9         \u0022\u0031\u0032\u0035\u0030\u0036\u0031\u0036\u0022  
    "19074496"     4744    10    10   \u0022\u0031\u0039\u0030\u0037\u0034\u0034\u0039\u0036\u0022  
    "21790408"     4739    10    10   \u0022\u0032\u0031\u0037\u0039\u0030\u0034\u0030\u0038\u0022  
    "17859351"     4705    10    10   \u0022\u0031\u0037\u0038\u0035\u0039\u0033\u0035\u0031\u0022  
    "27594407"     4692    10    10   \u0022\u0032\u0037\u0035\u0039\u0034\u0034\u0030\u0037\u0022  
     "1075752"     4686     9     9         \u0022\u0031\u0030\u0037\u0035\u0037\u0035\u0032\u0022  
     "2956293"     4675     9     9         \u0022\u0032\u0039\u0035\u0036\u0032\u0039\u0033\u0022  
    "39744751"     4655    10    10   \u0022\u0033\u0039\u0037\u0034\u0034\u0037\u0035\u0031\u0022  
    "33506816"     4637    10    10   \u0022\u0033\u0033\u0035\u0030\u0036\u0038\u0031\u0036\u0022  
    "27342297"     4630    10    10   \u0022\u0032\u0037\u0033\u0034\u0032\u0032\u0039\u0037\u0022  
    "23952903"     4622    10    10   \u0022\u0032\u0033\u0039\u0035\u0032\u0039\u0030\u0033\u0022  
    "31544688"     4619    10    10   \u0022\u0033\u0031\u0035\u0034\u0034\u0036\u0038\u0038\u0022  
    "27068528"     4604    10    10   \u0022\u0032\u0037\u0030\u0036\u0038\u0035\u0032\u0038\u0022  
    "17718497"     4603    10    10   \u0022\u0031\u0037\u0037\u0031\u0038\u0034\u0039\u0037\u0022  
     "3276792"     4595     9     9         \u0022\u0033\u0032\u0037\u0036\u0037\u0039\u0032\u0022  
    "15604092"     4576    10    10   \u0022\u0031\u0035\u0036\u0030\u0034\u0030\u0039\u0032\u0022  
    "20014706"     4555    10    10   \u0022\u0032\u0030\u0030\u0031\u0034\u0037\u0030\u0036\u0022  
    "27012099"     4501    10    10   \u0022\u0032\u0037\u0030\u0031\u0032\u0030\u0039\u0039\u0022  
    "33010292"     4493    10    10   \u0022\u0033\u0033\u0030\u0031\u0030\u0032\u0039\u0032\u0022  
    "30005706"     4487    10    10   \u0022\u0033\u0030\u0030\u0030\u0035\u0037\u0030\u0036\u0022  
     "8835537"     4476     9     9         \u0022\u0038\u0038\u0033\u0035\u0035\u0033\u0037\u0022  
    "28677523"     4474    10    10   \u0022\u0032\u0038\u0036\u0037\u0037\u0035\u0032\u0033\u0022  
    "34895321"     4470    10    10   \u0022\u0033\u0034\u0038\u0039\u0035\u0033\u0032\u0031\u0022  
    "10435833"     4468    10    10   \u0022\u0031\u0030\u0034\u0033\u0035\u0038\u0033\u0033\u0022  
    "38607553"     4462    10    10   \u0022\u0033\u0038\u0036\u0030\u0037\u0035\u0035\u0033\u0022  
    "15996280"     4455    10    10   \u0022\u0031\u0035\u0039\u0039\u0036\u0032\u0038\u0030\u0022  
    "13029325"     4449    10    10   \u0022\u0031\u0033\u0030\u0032\u0039\u0033\u0032\u0035\u0022  
      "411318"     4447     8     8               \u0022\u0034\u0031\u0031\u0033\u0031\u0038\u0022  
    "16954594"     4436    10    10   \u0022\u0031\u0036\u0039\u0035\u0034\u0035\u0039\u0034\u0022  
     "5862540"     4425     9     9         \u0022\u0035\u0038\u0036\u0032\u0035\u0034\u0030\u0022  
    "12645582"     4423    10    10   \u0022\u0031\u0032\u0036\u0034\u0035\u0035\u0038\u0032\u0022  
    "21811702"     4421    10    10   \u0022\u0032\u0031\u0038\u0031\u0031\u0037\u0030\u0032\u0022  
    "33936505"     4415    10    10   \u0022\u0033\u0033\u0039\u0033\u0036\u0035\u0030\u0035\u0022  
    "10199827"     4408    10    10   \u0022\u0031\u0030\u0031\u0039\u0039\u0038\u0032\u0037\u0022  
    "45335472"     4402    10    10   \u0022\u0034\u0035\u0033\u0033\u0035\u0034\u0037\u0032\u0022  
     "7948555"     4402     9     9         \u0022\u0037\u0039\u0034\u0038\u0035\u0035\u0035\u0022  
    "36011519"     4367    10    10   \u0022\u0033\u0036\u0030\u0031\u0031\u0035\u0031\u0039\u0022  
    "25438061"     4364    10    10   \u0022\u0032\u0035\u0034\u0033\u0038\u0030\u0036\u0031\u0022  
     "4891618"     4316     9     9         \u0022\u0034\u0038\u0039\u0031\u0036\u0031\u0038\u0022  
    "21500088"     4303    10    10   \u0022\u0032\u0031\u0035\u0030\u0030\u0030\u0038\u0038\u0022  
    "35588068"     4243    10    10   \u0022\u0033\u0035\u0035\u0038\u0038\u0030\u0036\u0038\u0022  
    "30237978"     4237    10    10   \u0022\u0033\u0030\u0032\u0033\u0037\u0039\u0037\u0038\u0022  
    "38318541"     4227    10    10   \u0022\u0033\u0038\u0033\u0031\u0038\u0035\u0034\u0031\u0022  
    "16841884"     4215    10    10   \u0022\u0031\u0036\u0038\u0034\u0031\u0038\u0038\u0034\u0022  
    "33243845"     4206    10    10   \u0022\u0033\u0033\u0032\u0034\u0033\u0038\u0034\u0035\u0022  
    "15807874"     4202    10    10   \u0022\u0031\u0035\u0038\u0030\u0037\u0038\u0037\u0034\u0022  
    "45331668"     4175    10    10   \u0022\u0034\u0035\u0033\u0033\u0031\u0036\u0036\u0038\u0022  
    "15804187"     4174    10    10   \u0022\u0031\u0035\u0038\u0030\u0034\u0031\u0038\u0037\u0022  
    "41492000"     4167    10    10   \u0022\u0034\u0031\u0034\u0039\u0032\u0030\u0030\u0030\u0022  
    "30042444"     4135    10    10   \u0022\u0033\u0030\u0030\u0034\u0032\u0034\u0034\u0034\u0022  
    "18989674"     4133    10    10   \u0022\u0031\u0038\u0039\u0038\u0039\u0036\u0037\u0034\u0022  
    "13621517"     4132    10    10   \u0022\u0031\u0033\u0036\u0032\u0031\u0035\u0031\u0037\u0022  
    "13075098"     4132    10    10   \u0022\u0031\u0033\u0030\u0037\u0035\u0030\u0039\u0038\u0022  
    "31125097"     4127    10    10   \u0022\u0033\u0031\u0031\u0032\u0035\u0030\u0039\u0037\u0022  
    "15704301"     4127    10    10   \u0022\u0031\u0035\u0037\u0030\u0034\u0033\u0030\u0031\u0022  
    "16006655"     4118    10    10   \u0022\u0031\u0036\u0030\u0030\u0036\u0036\u0035\u0035\u0022  
    "12842802"     4107    10    10   \u0022\u0031\u0032\u0038\u0034\u0032\u0038\u0030\u0032\u0022  
    "24052749"     4103    10    10   \u0022\u0032\u0034\u0030\u0035\u0032\u0037\u0034\u0039\u0022  
     "8741787"     4084     9     9         \u0022\u0038\u0037\u0034\u0031\u0037\u0038\u0037\u0022  
    "36874220"     4084    10    10   \u0022\u0033\u0036\u0038\u0037\u0034\u0032\u0032\u0030\u0022  
    "34449465"     4080    10    10   \u0022\u0033\u0034\u0034\u0034\u0039\u0034\u0036\u0035\u0022  
    "37446491"     4073    10    10   \u0022\u0033\u0037\u0034\u0034\u0036\u0034\u0039\u0031\u0022  
    "14697029"     4052    10    10   \u0022\u0031\u0034\u0036\u0039\u0037\u0030\u0032\u0039\u0022  
     "6365461"     4044     9     9         \u0022\u0036\u0033\u0036\u0035\u0034\u0036\u0031\u0022  
    "15645648"     4020    10    10   \u0022\u0031\u0035\u0036\u0034\u0035\u0036\u0034\u0038\u0022  
    "33800570"     4014    10    10   \u0022\u0033\u0033\u0038\u0030\u0030\u0035\u0037\u0030\u0022  
    "23725861"     4010    10    10   \u0022\u0032\u0033\u0037\u0032\u0035\u0038\u0036\u0031\u0022  
    "18154759"     4000    10    10   \u0022\u0031\u0038\u0031\u0035\u0034\u0037\u0035\u0039\u0022  
    "23783419"     4000    10    10   \u0022\u0032\u0033\u0037\u0038\u0033\u0034\u0031\u0039\u0022  
    "33628803"     3967    10    10   \u0022\u0033\u0033\u0036\u0032\u0038\u0038\u0030\u0033\u0022  
    "14346420"     3965    10    10   \u0022\u0031\u0034\u0033\u0034\u0036\u0034\u0032\u0030\u0022  
    "24112356"     3962    10    10   \u0022\u0032\u0034\u0031\u0031\u0032\u0033\u0035\u0036\u0022  
    "22323414"     3962    10    10   \u0022\u0032\u0032\u0033\u0032\u0033\u0034\u0031\u0034\u0022  
    "45169424"     3938    10    10   \u0022\u0034\u0035\u0031\u0036\u0039\u0034\u0032\u0034\u0022  
    "32265183"     3930    10    10   \u0022\u0033\u0032\u0032\u0036\u0035\u0031\u0038\u0033\u0022  
    "17900439"     3909    10    10   \u0022\u0031\u0037\u0039\u0030\u0030\u0034\u0033\u0039\u0022  
     "1134640"     3866     9     9         \u0022\u0031\u0031\u0033\u0034\u0036\u0034\u0030\u0022  
    "16690482"     3866    10    10   \u0022\u0031\u0036\u0036\u0039\u0030\u0034\u0038\u0032\u0022  
    "31183088"     3860    10    10   \u0022\u0033\u0031\u0031\u0038\u0033\u0030\u0038\u0038\u0022  
    "24141466"     3838    10    10   \u0022\u0032\u0034\u0031\u0034\u0031\u0034\u0036\u0036\u0022  
     "5355619"     3835     9     9         \u0022\u0035\u0033\u0035\u0035\u0036\u0031\u0039\u0022  
     "5562271"     3833     9     9         \u0022\u0035\u0035\u0036\u0032\u0032\u0037\u0031\u0022  
    "14861912"     3829    10    10   \u0022\u0031\u0034\u0038\u0036\u0031\u0039\u0031\u0032\u0022  
    "23969784"     3822    10    10   \u0022\u0032\u0033\u0039\u0036\u0039\u0037\u0038\u0034\u0022  
     "2397863"     3814     9     9         \u0022\u0032\u0033\u0039\u0037\u0038\u0036\u0033\u0022  
    "15996878"     3813    10    10   \u0022\u0031\u0035\u0039\u0039\u0036\u0038\u0037\u0038\u0022  
     "8354823"     3791     9     9         \u0022\u0038\u0033\u0035\u0034\u0038\u0032\u0033\u0022  
    "38263413"     3790    10    10   \u0022\u0033\u0038\u0032\u0036\u0033\u0034\u0031\u0033\u0022  
    "39424157"     3789    10    10   \u0022\u0033\u0039\u0034\u0032\u0034\u0031\u0035\u0037\u0022  
    "20309285"     3777    10    10   \u0022\u0032\u0030\u0033\u0030\u0039\u0032\u0038\u0035\u0022  
     "7635480"     3753     9     9         \u0022\u0037\u0036\u0033\u0035\u0034\u0038\u0030\u0022  
     "3807721"     3752     9     9         \u0022\u0033\u0038\u0030\u0037\u0037\u0032\u0031\u0022  
    —— 共 100004 个，上面只列了影响行数最大的 200 个

. 
. * 项目代码：数字/字母之外的都算可疑（企业自编码里有字母是正常的，
. *           但汉字、符号、隐形字符不正常）
. _hexscan "firm_buy.csv" 2 "项目代码" "[^0-9A-Za-z]"

  ----------------------------------------------------------
  firm_buy.csv  第 2 列：项目代码
    该列行数        : 15243649
    去重取值数      : 549743
    命中可疑字符的取值数 : 549742
    这些取值一共影响行数 : 15203588

    值 / 影响行数 / 字节长 / 字符数 / 码点

                       v1    _freq   _nb   _nc                                                                                                                             _hex  
    "3070402000000000000"   173888    21    21   \u0022\u0033\u0030\u0037\u0030\u0034\u0030\u0032\u0030\u0030\u0030\u0030\u0030\u0030\u0030\u0030\u0030\u0030\u0030\u0030\u0022  
    "2020000000000000000"   172967    21    21   \u0022\u0032\u0030\u0032\u0030\u0030\u0030\u0030\u0030\u0030\u0030\u0030\u0030\u0030\u0030\u0030\u0030\u0030\u0030\u0030\u0022  
    "1099900000000000000"   119299    21    21   \u0022\u0031\u0030\u0039\u0039\u0039\u0030\u0030\u0030\u0030\u0030\u0030\u0030\u0030\u0030\u0030\u0030\u0030\u0030\u0030\u0022  
    "1090512990000000000"   116742    21    21   \u0022\u0031\u0030\u0039\u0030\u0035\u0031\u0032\u0039\u0039\u0030\u0030\u0030\u0030\u0030\u0030\u0030\u0030\u0030\u0030\u0022  
    "1090310019900000000"   103210    21    21   \u0022\u0031\u0030\u0039\u0030\u0033\u0031\u0030\u0030\u0031\u0039\u0039\u0030\u0030\u0030\u0030\u0030\u0030\u0030\u0030\u0022  
    "3060302990000000000"   102699    21    21   \u0022\u0033\u0030\u0036\u0030\u0033\u0030\u0032\u0039\u0039\u0030\u0030\u0030\u0030\u0030\u0030\u0030\u0030\u0030\u0030\u0022  
    "2010500000000000000"    95751    21    21   \u0022\u0032\u0030\u0031\u0030\u0035\u0030\u0030\u0030\u0030\u0030\u0030\u0030\u0030\u0030\u0030\u0030\u0030\u0030\u0030\u0022  
    "1080499000000000000"    85021    21    21   \u0022\u0031\u0030\u0038\u0030\u0034\u0039\u0039\u0030\u0030\u0030\u0030\u0030\u0030\u0030\u0030\u0030\u0030\u0030\u0030\u0022  
                    "001"    83524     5     5                                                                                                   \u0022\u0030\u0030\u0031\u0022  
    "3049900000000000000"    81273    21    21   \u0022\u0033\u0030\u0034\u0039\u0039\u0030\u0030\u0030\u0030\u0030\u0030\u0030\u0030\u0030\u0030\u0030\u0030\u0030\u0030\u0022  
    "3060302020000000000"    80527    21    21   \u0022\u0033\u0030\u0036\u0030\u0033\u0030\u0032\u0030\u0032\u0030\u0030\u0030\u0030\u0030\u0030\u0030\u0030\u0030\u0030\u0022  
    "1060105020000000000"    76542    21    21   \u0022\u0031\u0030\u0036\u0030\u0031\u0030\u0035\u0030\u0032\u0030\u0030\u0030\u0030\u0030\u0030\u0030\u0030\u0030\u0030\u0022  
    "1090509010000000000"    73012    21    21   \u0022\u0031\u0030\u0039\u0030\u0035\u0030\u0039\u0030\u0031\u0030\u0030\u0030\u0030\u0030\u0030\u0030\u0030\u0030\u0030\u0022  
    "1100101020200000000"    71110    21    21   \u0022\u0031\u0031\u0030\u0030\u0031\u0030\u0031\u0030\u0032\u0030\u0032\u0030\u0030\u0030\u0030\u0030\u0030\u0030\u0030\u0022  
    "1090407030000000000"    68633    21    21   \u0022\u0031\u0030\u0039\u0030\u0034\u0030\u0037\u0030\u0033\u0030\u0030\u0030\u0030\u0030\u0030\u0030\u0030\u0030\u0030\u0022  
    "1080417000000000000"    66011    21    21   \u0022\u0031\u0030\u0038\u0030\u0034\u0031\u0037\u0030\u0030\u0030\u0030\u0030\u0030\u0030\u0030\u0030\u0030\u0030\u0030\u0022  
    "1060512990000000000"    63788    21    21   \u0022\u0031\u0030\u0036\u0030\u0035\u0031\u0032\u0039\u0039\u0030\u0030\u0030\u0030\u0030\u0030\u0030\u0030\u0030\u0030\u0022  
    "3010102020100000000"    61795    21    21   \u0022\u0033\u0030\u0031\u0030\u0031\u0030\u0032\u0030\u0032\u0030\u0031\u0030\u0030\u0030\u0030\u0030\u0030\u0030\u0030\u0022  
    "1080414010000000000"    60820    21    21   \u0022\u0031\u0030\u0038\u0030\u0034\u0031\u0034\u0030\u0031\u0030\u0030\u0030\u0030\u0030\u0030\u0030\u0030\u0030\u0030\u0022  
    "1060105990000000000"    59954    21    21   \u0022\u0031\u0030\u0036\u0030\u0031\u0030\u0035\u0039\u0039\u0030\u0030\u0030\u0030\u0030\u0030\u0030\u0030\u0030\u0030\u0022  
    "1080207990000000000"    59530    21    21   \u0022\u0031\u0030\u0038\u0030\u0032\u0030\u0037\u0039\u0039\u0030\u0030\u0030\u0030\u0030\u0030\u0030\u0030\u0030\u0030\u0022  
    "1060401990000000000"    58246    21    21   \u0022\u0031\u0030\u0036\u0030\u0034\u0030\u0031\u0039\u0039\u0030\u0030\u0030\u0030\u0030\u0030\u0030\u0030\u0030\u0030\u0022  
    "1070601990000000000"    57445    21    21   \u0022\u0031\u0030\u0037\u0030\u0036\u0030\u0031\u0039\u0039\u0030\u0030\u0030\u0030\u0030\u0030\u0030\u0030\u0030\u0030\u0022  
    "1070101010200000000"    56962    21    21   \u0022\u0031\u0030\u0037\u0030\u0031\u0030\u0031\u0030\u0031\u0030\u0032\u0030\u0030\u0030\u0030\u0030\u0030\u0030\u0030\u0022  
    "1070222020000000000"    56698    21    21   \u0022\u0031\u0030\u0037\u0030\u0032\u0032\u0032\u0030\u0032\u0030\u0030\u0030\u0030\u0030\u0030\u0030\u0030\u0030\u0030\u0022  
    "1090199000000000000"    56665    21    21   \u0022\u0031\u0030\u0039\u0030\u0031\u0039\u0039\u0030\u0030\u0030\u0030\u0030\u0030\u0030\u0030\u0030\u0030\u0030\u0030\u0022  
                     "01"    56021     4     4                                                                                                         \u0022\u0030\u0031\u0022  
    "1090102060000000000"    54044    21    21   \u0022\u0031\u0030\u0039\u0030\u0031\u0030\u0032\u0030\u0036\u0030\u0030\u0030\u0030\u0030\u0030\u0030\u0030\u0030\u0030\u0022  
    "3040603000000000000"    52293    21    21   \u0022\u0033\u0030\u0034\u0030\u0036\u0030\u0033\u0030\u0030\u0030\u0030\u0030\u0030\u0030\u0030\u0030\u0030\u0030\u0030\u0022  
    "1070101070000000000"    50564    21    21   \u0022\u0031\u0030\u0037\u0030\u0031\u0030\u0031\u0030\u0037\u0030\u0030\u0030\u0030\u0030\u0030\u0030\u0030\u0030\u0030\u0022  
    "1080401010000000000"    49745    21    21   \u0022\u0031\u0030\u0038\u0030\u0034\u0030\u0031\u0030\u0031\u0030\u0030\u0030\u0030\u0030\u0030\u0030\u0030\u0030\u0030\u0022  
    "1070101030000000000"    49386    21    21   \u0022\u0031\u0030\u0037\u0030\u0031\u0030\u0031\u0030\u0033\u0030\u0030\u0030\u0030\u0030\u0030\u0030\u0030\u0030\u0030\u0022  
    "3040601000000000000"    48367    21    21   \u0022\u0033\u0030\u0034\u0030\u0036\u0030\u0031\u0030\u0030\u0030\u0030\u0030\u0030\u0030\u0030\u0030\u0030\u0030\u0030\u0022  
    "1090505010000000000"    47921    21    21   \u0022\u0031\u0030\u0039\u0030\u0035\u0030\u0035\u0030\u0031\u0030\u0030\u0030\u0030\u0030\u0030\u0030\u0030\u0030\u0030\u0022  
    "1090409990000000000"    46961    21    21   \u0022\u0031\u0030\u0039\u0030\u0034\u0030\u0039\u0039\u0039\u0030\u0030\u0030\u0030\u0030\u0030\u0030\u0030\u0030\u0030\u0022  
    "1080207070000000000"    46647    21    21   \u0022\u0031\u0030\u0038\u0030\u0032\u0030\u0037\u0030\u0037\u0030\u0030\u0030\u0030\u0030\u0030\u0030\u0030\u0030\u0030\u0022  
    "1060201990000000000"    45414    21    21   \u0022\u0031\u0030\u0036\u0030\u0032\u0030\u0031\u0039\u0039\u0030\u0030\u0030\u0030\u0030\u0030\u0030\u0030\u0030\u0030\u0022  
                    "002"    44841     5     5                                                                                                   \u0022\u0030\u0030\u0032\u0022  
    "3040409030000000000"    43327    21    21   \u0022\u0033\u0030\u0034\u0030\u0034\u0030\u0039\u0030\u0033\u0030\u0030\u0030\u0030\u0030\u0030\u0030\u0030\u0030\u0030\u0022  
    "1070601120000000000"    42182    21    21   \u0022\u0031\u0030\u0037\u0030\u0036\u0030\u0031\u0031\u0032\u0030\u0030\u0030\u0030\u0030\u0030\u0030\u0030\u0030\u0030\u0022  
    "3040201030000000000"    41321    21    21   \u0022\u0033\u0030\u0034\u0030\u0032\u0030\u0031\u0030\u0033\u0030\u0030\u0030\u0030\u0030\u0030\u0030\u0030\u0030\u0030\u0022  
    "1090415010000000000"    41183    21    21   \u0022\u0031\u0030\u0039\u0030\u0034\u0031\u0035\u0030\u0031\u0030\u0030\u0030\u0030\u0030\u0030\u0030\u0030\u0030\u0030\u0022  
    "1090510030000000000"    41051    21    21   \u0022\u0031\u0030\u0039\u0030\u0035\u0031\u0030\u0030\u0033\u0030\u0030\u0030\u0030\u0030\u0030\u0030\u0030\u0030\u0030\u0022  
    "3040201990000000000"    40790    21    21   \u0022\u0033\u0030\u0034\u0030\u0032\u0030\u0031\u0039\u0039\u0030\u0030\u0030\u0030\u0030\u0030\u0030\u0030\u0030\u0030\u0022  
    "1070601030000000000"    40315    21    21   \u0022\u0031\u0030\u0037\u0030\u0036\u0030\u0031\u0030\u0033\u0030\u0030\u0030\u0030\u0030\u0030\u0030\u0030\u0030\u0030\u0022  
    "1060105040000000000"    40071    21    21   \u0022\u0031\u0030\u0036\u0030\u0031\u0030\u0035\u0030\u0034\u0030\u0030\u0030\u0030\u0030\u0030\u0030\u0030\u0030\u0030\u0022  
    "1090407020000000000"    39835    21    21   \u0022\u0031\u0030\u0039\u0030\u0034\u0030\u0037\u0030\u0032\u0030\u0030\u0030\u0030\u0030\u0030\u0030\u0030\u0030\u0030\u0022  
    "1060105010000000000"    39555    21    21   \u0022\u0031\u0030\u0036\u0030\u0031\u0030\u0035\u0030\u0031\u0030\u0030\u0030\u0030\u0030\u0030\u0030\u0030\u0030\u0030\u0022  
    "1090511040000000000"    39183    21    21   \u0022\u0031\u0030\u0039\u0030\u0035\u0031\u0031\u0030\u0034\u0030\u0030\u0030\u0030\u0030\u0030\u0030\u0030\u0030\u0030\u0022  
    "1070101010100000000"    38691    21    21   \u0022\u0031\u0030\u0037\u0030\u0031\u0030\u0031\u0030\u0031\u0030\u0031\u0030\u0030\u0030\u0030\u0030\u0030\u0030\u0030\u0022  
    "1070601060000000000"    38165    21    21   \u0022\u0031\u0030\u0037\u0030\u0036\u0030\u0031\u0030\u0036\u0030\u0030\u0030\u0030\u0030\u0030\u0030\u0030\u0030\u0030\u0022  
    "1100101020100000000"    37677    21    21   \u0022\u0031\u0031\u0030\u0030\u0031\u0030\u0031\u0030\u0032\u0030\u0031\u0030\u0030\u0030\u0030\u0030\u0030\u0030\u0030\u0022  
    "1080403010000000000"    37646    21    21   \u0022\u0031\u0030\u0038\u0030\u0034\u0030\u0033\u0030\u0031\u0030\u0030\u0030\u0030\u0030\u0030\u0030\u0030\u0030\u0030\u0022  
    "3040409010000000000"    37497    21    21   \u0022\u0033\u0030\u0034\u0030\u0034\u0030\u0039\u0030\u0031\u0030\u0030\u0030\u0030\u0030\u0030\u0030\u0030\u0030\u0030\u0022  
    "3040203000000000000"    37265    21    21   \u0022\u0033\u0030\u0034\u0030\u0032\u0030\u0033\u0030\u0030\u0030\u0030\u0030\u0030\u0030\u0030\u0030\u0030\u0030\u0030\u0022  
    "1090310029900000000"    36940    21    21   \u0022\u0031\u0030\u0039\u0030\u0033\u0031\u0030\u0030\u0032\u0039\u0039\u0030\u0030\u0030\u0030\u0030\u0030\u0030\u0030\u0022  
    "1070208010000000000"    36276    21    21   \u0022\u0031\u0030\u0037\u0030\u0032\u0030\u0038\u0030\u0031\u0030\u0030\u0030\u0030\u0030\u0030\u0030\u0030\u0030\u0030\u0022  
    "3079900000000000000"    35952    21    21   \u0022\u0033\u0030\u0037\u0039\u0039\u0030\u0030\u0030\u0030\u0030\u0030\u0030\u0030\u0030\u0030\u0030\u0030\u0030\u0030\u0022  
    "1090119010000000000"    35622    21    21   \u0022\u0031\u0030\u0039\u0030\u0031\u0031\u0039\u0030\u0031\u0030\u0030\u0030\u0030\u0030\u0030\u0030\u0030\u0030\u0030\u0022  
    "1070601010200000000"    35369    21    21   \u0022\u0031\u0030\u0037\u0030\u0036\u0030\u0031\u0030\u0031\u0030\u0032\u0030\u0030\u0030\u0030\u0030\u0030\u0030\u0030\u0022  
    "3040602990000000000"    34347    21    21   \u0022\u0033\u0030\u0034\u0030\u0036\u0030\u0032\u0039\u0039\u0030\u0030\u0030\u0030\u0030\u0030\u0030\u0030\u0030\u0030\u0022  
    "1050201010000000000"    34210    21    21   \u0022\u0031\u0030\u0035\u0030\u0032\u0030\u0031\u0030\u0031\u0030\u0030\u0030\u0030\u0030\u0030\u0030\u0030\u0030\u0030\u0022  
    "1070214010000000000"    33344    21    21   \u0022\u0031\u0030\u0037\u0030\u0032\u0031\u0034\u0030\u0031\u0030\u0030\u0030\u0030\u0030\u0030\u0030\u0030\u0030\u0030\u0022  
    "1070502000000000000"    33297    21    21   \u0022\u0031\u0030\u0037\u0030\u0035\u0030\u0032\u0030\u0030\u0030\u0030\u0030\u0030\u0030\u0030\u0030\u0030\u0030\u0030\u0022  
    "1090511030000000000"    32487    21    21   \u0022\u0031\u0030\u0039\u0030\u0035\u0031\u0031\u0030\u0033\u0030\u0030\u0030\u0030\u0030\u0030\u0030\u0030\u0030\u0030\u0022  
    "1080207130000000000"    31832    21    21   \u0022\u0031\u0030\u0038\u0030\u0032\u0030\u0037\u0031\u0033\u0030\u0030\u0030\u0030\u0030\u0030\u0030\u0030\u0030\u0030\u0022  
                    "003"    31786     5     5                                                                                                   \u0022\u0030\u0030\u0033\u0022  
    "1080316010000000000"    31458    21    21   \u0022\u0031\u0030\u0038\u0030\u0033\u0031\u0036\u0030\u0031\u0030\u0030\u0030\u0030\u0030\u0030\u0030\u0030\u0030\u0030\u0022  
    "1090409040000000000"    31149    21    21   \u0022\u0031\u0030\u0039\u0030\u0034\u0030\u0039\u0030\u0034\u0030\u0030\u0030\u0030\u0030\u0030\u0030\u0030\u0030\u0030\u0022  
    "1070223010000000000"    30703    21    21   \u0022\u0031\u0030\u0037\u0030\u0032\u0032\u0033\u0030\u0031\u0030\u0030\u0030\u0030\u0030\u0030\u0030\u0030\u0030\u0030\u0022  
    "1090117010000000000"    30620    21    21   \u0022\u0031\u0030\u0039\u0030\u0031\u0031\u0037\u0030\u0031\u0030\u0030\u0030\u0030\u0030\u0030\u0030\u0030\u0030\u0030\u0022  
    "1100301010000000000"    30566    21    21   \u0022\u0031\u0031\u0030\u0030\u0033\u0030\u0031\u0030\u0031\u0030\u0030\u0030\u0030\u0030\u0030\u0030\u0030\u0030\u0030\u0022  
    "3040408000000000000"    30131    21    21   \u0022\u0033\u0030\u0034\u0030\u0034\u0030\u0038\u0030\u0030\u0030\u0030\u0030\u0030\u0030\u0030\u0030\u0030\u0030\u0030\u0022  
    "1070299990000000000"    29269    21    21   \u0022\u0031\u0030\u0037\u0030\u0032\u0039\u0039\u0039\u0039\u0030\u0030\u0030\u0030\u0030\u0030\u0030\u0030\u0030\u0030\u0022  
    "1090109000000000000"    29143    21    21   \u0022\u0031\u0030\u0039\u0030\u0031\u0030\u0039\u0030\u0030\u0030\u0030\u0030\u0030\u0030\u0030\u0030\u0030\u0030\u0030\u0022  
    "1090424010000000000"    28915    21    21   \u0022\u0031\u0030\u0039\u0030\u0034\u0032\u0034\u0030\u0031\u0030\u0030\u0030\u0030\u0030\u0030\u0030\u0030\u0030\u0030\u0022  
    "3040105000000000000"    28767    21    21   \u0022\u0033\u0030\u0034\u0030\u0031\u0030\u0035\u0030\u0030\u0030\u0030\u0030\u0030\u0030\u0030\u0030\u0030\u0030\u0030\u0022  
    "1060103020000000000"    28493    21    21   \u0022\u0031\u0030\u0036\u0030\u0031\u0030\u0033\u0030\u0032\u0030\u0030\u0030\u0030\u0030\u0030\u0030\u0030\u0030\u0030\u0022  
    "1060512040000000000"    28295    21    21   \u0022\u0031\u0030\u0036\u0030\u0035\u0031\u0032\u0030\u0034\u0030\u0030\u0030\u0030\u0030\u0030\u0030\u0030\u0030\u0030\u0022  
    "1090409020000000000"    28245    21    21   \u0022\u0031\u0030\u0039\u0030\u0034\u0030\u0039\u0030\u0032\u0030\u0030\u0030\u0030\u0030\u0030\u0030\u0030\u0030\u0030\u0022  
    "3040802010100000000"    27902    21    21   \u0022\u0033\u0030\u0034\u0030\u0038\u0030\u0032\u0030\u0031\u0030\u0031\u0030\u0030\u0030\u0030\u0030\u0030\u0030\u0030\u0022  
    "1070601090000000000"    27890    21    21   \u0022\u0031\u0030\u0037\u0030\u0036\u0030\u0031\u0030\u0039\u0030\u0030\u0030\u0030\u0030\u0030\u0030\u0030\u0030\u0030\u0022  
    "3040802990000000000"    27781    21    21   \u0022\u0033\u0030\u0034\u0030\u0038\u0030\u0032\u0039\u0039\u0030\u0030\u0030\u0030\u0030\u0030\u0030\u0030\u0030\u0030\u0022  
    "1090519080000000000"    27713    21    21   \u0022\u0031\u0030\u0039\u0030\u0035\u0031\u0039\u0030\u0038\u0030\u0030\u0030\u0030\u0030\u0030\u0030\u0030\u0030\u0030\u0022  
    "1090408060000000000"    27310    21    21   \u0022\u0031\u0030\u0039\u0030\u0034\u0030\u0038\u0030\u0036\u0030\u0030\u0030\u0030\u0030\u0030\u0030\u0030\u0030\u0030\u0022  
    "1090121010000000000"    26871    21    21   \u0022\u0031\u0030\u0039\u0030\u0031\u0032\u0031\u0030\u0031\u0030\u0030\u0030\u0030\u0030\u0030\u0030\u0030\u0030\u0030\u0022  
    "1040201990000000000"    26845    21    21   \u0022\u0031\u0030\u0034\u0030\u0032\u0030\u0031\u0039\u0039\u0030\u0030\u0030\u0030\u0030\u0030\u0030\u0030\u0030\u0030\u0022  
    "1060402010200000000"    26706    21    21   \u0022\u0031\u0030\u0036\u0030\u0034\u0030\u0032\u0030\u0031\u0030\u0032\u0030\u0030\u0030\u0030\u0030\u0030\u0030\u0030\u0022  
    "1090522010000000000"    26701    21    21   \u0022\u0031\u0030\u0039\u0030\u0035\u0032\u0032\u0030\u0031\u0030\u0030\u0030\u0030\u0030\u0030\u0030\u0030\u0030\u0030\u0022  
                     "02"    26528     4     4                                                                                                         \u0022\u0030\u0032\u0022  
    "1090511010000000000"    26452    21    21   \u0022\u0031\u0030\u0039\u0030\u0035\u0031\u0031\u0030\u0031\u0030\u0030\u0030\u0030\u0030\u0030\u0030\u0030\u0030\u0030\u0022  
    "1070501010000000000"    26101    21    21   \u0022\u0031\u0030\u0037\u0030\u0035\u0030\u0031\u0030\u0031\u0030\u0030\u0030\u0030\u0030\u0030\u0030\u0030\u0030\u0030\u0022  
    "1070601040000000000"    26018    21    21   \u0022\u0031\u0030\u0037\u0030\u0036\u0030\u0031\u0030\u0034\u0030\u0030\u0030\u0030\u0030\u0030\u0030\u0030\u0030\u0030\u0022  
    "1070504020000000000"    25816    21    21   \u0022\u0031\u0030\u0037\u0030\u0035\u0030\u0034\u0030\u0032\u0030\u0030\u0030\u0030\u0030\u0030\u0030\u0030\u0030\u0030\u0022  
    "1090599000000000000"    25751    21    21   \u0022\u0031\u0030\u0039\u0030\u0035\u0039\u0039\u0030\u0030\u0030\u0030\u0030\u0030\u0030\u0030\u0030\u0030\u0030\u0030\u0022  
    "3040409000000000000"    25581    21    21   \u0022\u0033\u0030\u0034\u0030\u0034\u0030\u0039\u0030\u0030\u0030\u0030\u0030\u0030\u0030\u0030\u0030\u0030\u0030\u0030\u0022  
                    "004"    25498     5     5                                                                                                   \u0022\u0030\u0030\u0034\u0022  
    "1030307040000000000"    25411    21    21   \u0022\u0031\u0030\u0033\u0030\u0033\u0030\u0037\u0030\u0034\u0030\u0030\u0030\u0030\u0030\u0030\u0030\u0030\u0030\u0030\u0022  
    "3040801010000000000"    25386    21    21   \u0022\u0033\u0030\u0034\u0030\u0038\u0030\u0031\u0030\u0031\u0030\u0030\u0030\u0030\u0030\u0030\u0030\u0030\u0030\u0030\u0022  
    "1090407040000000000"    25157    21    21   \u0022\u0031\u0030\u0039\u0030\u0034\u0030\u0037\u0030\u0034\u0030\u0030\u0030\u0030\u0030\u0030\u0030\u0030\u0030\u0030\u0022  
    "1090299000000000000"    25096    21    21   \u0022\u0031\u0030\u0039\u0030\u0032\u0039\u0039\u0030\u0030\u0030\u0030\u0030\u0030\u0030\u0030\u0030\u0030\u0030\u0030\u0022  
    "1040101050000000000"    24693    21    21   \u0022\u0031\u0030\u0034\u0030\u0031\u0030\u0031\u0030\u0035\u0030\u0030\u0030\u0030\u0030\u0030\u0030\u0030\u0030\u0030\u0022  
    "1080207120000000000"    24638    21    21   \u0022\u0031\u0030\u0038\u0030\u0032\u0030\u0037\u0031\u0032\u0030\u0030\u0030\u0030\u0030\u0030\u0030\u0030\u0030\u0030\u0022  
    "1080207040000000000"    24520    21    21   \u0022\u0031\u0030\u0038\u0030\u0032\u0030\u0037\u0030\u0034\u0030\u0030\u0030\u0030\u0030\u0030\u0030\u0030\u0030\u0030\u0022  
    "3030299000000000000"    24496    21    21   \u0022\u0033\u0030\u0033\u0030\u0032\u0039\u0039\u0030\u0030\u0030\u0030\u0030\u0030\u0030\u0030\u0030\u0030\u0030\u0030\u0022  
    "3050100000000000000"    24336    21    21   \u0022\u0033\u0030\u0035\u0030\u0031\u0030\u0030\u0030\u0030\u0030\u0030\u0030\u0030\u0030\u0030\u0030\u0030\u0030\u0030\u0022  
    "1080207030000000000"    24108    21    21   \u0022\u0031\u0030\u0038\u0030\u0032\u0030\u0037\u0030\u0033\u0030\u0030\u0030\u0030\u0030\u0030\u0030\u0030\u0030\u0030\u0022  
    "1090131040000000000"    23741    21    21   \u0022\u0031\u0030\u0039\u0030\u0031\u0033\u0031\u0030\u0034\u0030\u0030\u0030\u0030\u0030\u0030\u0030\u0030\u0030\u0030\u0022  
    "1060401020000000000"    23261    21    21   \u0022\u0031\u0030\u0036\u0030\u0034\u0030\u0031\u0030\u0032\u0030\u0030\u0030\u0030\u0030\u0030\u0030\u0030\u0030\u0030\u0022  
    "1030299000000000000"    23227    21    21   \u0022\u0031\u0030\u0033\u0030\u0032\u0039\u0039\u0030\u0030\u0030\u0030\u0030\u0030\u0030\u0030\u0030\u0030\u0030\u0030\u0022  
    "1090101010000000000"    22949    21    21   \u0022\u0031\u0030\u0039\u0030\u0031\u0030\u0031\u0030\u0031\u0030\u0030\u0030\u0030\u0030\u0030\u0030\u0030\u0030\u0030\u0022  
    "1050201990000000000"    22875    21    21   \u0022\u0031\u0030\u0035\u0030\u0032\u0030\u0031\u0039\u0039\u0030\u0030\u0030\u0030\u0030\u0030\u0030\u0030\u0030\u0030\u0022  
    "1070213070000000000"    22837    21    21   \u0022\u0031\u0030\u0037\u0030\u0032\u0031\u0033\u0030\u0037\u0030\u0030\u0030\u0030\u0030\u0030\u0030\u0030\u0030\u0030\u0022  
    "1060401090000000000"    22782    21    21   \u0022\u0031\u0030\u0036\u0030\u0034\u0030\u0031\u0030\u0039\u0030\u0030\u0030\u0030\u0030\u0030\u0030\u0030\u0030\u0030\u0022  
    "3060301990000000000"    22700    21    21   \u0022\u0033\u0030\u0036\u0030\u0033\u0030\u0031\u0039\u0039\u0030\u0030\u0030\u0030\u0030\u0030\u0030\u0030\u0030\u0030\u0022  
    "3040201010000000000"    22619    21    21   \u0022\u0033\u0030\u0034\u0030\u0032\u0030\u0031\u0030\u0031\u0030\u0030\u0030\u0030\u0030\u0030\u0030\u0030\u0030\u0030\u0022  
    "1070601020000000000"    22338    21    21   \u0022\u0031\u0030\u0037\u0030\u0036\u0030\u0031\u0030\u0032\u0030\u0030\u0030\u0030\u0030\u0030\u0030\u0030\u0030\u0030\u0022  
    "1090627990000000000"    22080    21    21   \u0022\u0031\u0030\u0039\u0030\u0036\u0032\u0037\u0039\u0039\u0030\u0030\u0030\u0030\u0030\u0030\u0030\u0030\u0030\u0030\u0022  
                    "005"    21899     5     5                                                                                                   \u0022\u0030\u0030\u0035\u0022  
    "1090123010000000000"    21836    21    21   \u0022\u0031\u0030\u0039\u0030\u0031\u0032\u0033\u0030\u0031\u0030\u0030\u0030\u0030\u0030\u0030\u0030\u0030\u0030\u0030\u0022  
    "1090519060000000000"    21633    21    21   \u0022\u0031\u0030\u0039\u0030\u0035\u0031\u0039\u0030\u0036\u0030\u0030\u0030\u0030\u0030\u0030\u0030\u0030\u0030\u0030\u0022  
    "1080404040000000000"    21585    21    21   \u0022\u0031\u0030\u0038\u0030\u0034\u0030\u0034\u0030\u0034\u0030\u0030\u0030\u0030\u0030\u0030\u0030\u0030\u0030\u0030\u0022  
                    "007"    21574     5     5                                                                                                   \u0022\u0030\u0030\u0037\u0022  
    "1060102030000000000"    21197    21    21   \u0022\u0031\u0030\u0036\u0030\u0031\u0030\u0032\u0030\u0033\u0030\u0030\u0030\u0030\u0030\u0030\u0030\u0030\u0030\u0030\u0022  
    "1070506010000000000"    21139    21    21   \u0022\u0031\u0030\u0037\u0030\u0035\u0030\u0036\u0030\u0031\u0030\u0030\u0030\u0030\u0030\u0030\u0030\u0030\u0030\u0030\u0022  
    "1070101990000000000"    21076    21    21   \u0022\u0031\u0030\u0037\u0030\u0031\u0030\u0031\u0039\u0039\u0030\u0030\u0030\u0030\u0030\u0030\u0030\u0030\u0030\u0030\u0022  
    "1080426000000000000"    20996    21    21   \u0022\u0031\u0030\u0038\u0030\u0034\u0032\u0036\u0030\u0030\u0030\u0030\u0030\u0030\u0030\u0030\u0030\u0030\u0030\u0030\u0022  
    "1090110040000000000"    20977    21    21   \u0022\u0031\u0030\u0039\u0030\u0031\u0031\u0030\u0030\u0034\u0030\u0030\u0030\u0030\u0030\u0030\u0030\u0030\u0030\u0030\u0022  
    "1090232070000000000"    20960    21    21   \u0022\u0031\u0030\u0039\u0030\u0032\u0033\u0032\u0030\u0037\u0030\u0030\u0030\u0030\u0030\u0030\u0030\u0030\u0030\u0030\u0022  
    "3050200000000000000"    20654    21    21   \u0022\u0033\u0030\u0035\u0030\u0032\u0030\u0030\u0030\u0030\u0030\u0030\u0030\u0030\u0030\u0030\u0030\u0030\u0030\u0030\u0022  
    "1070308010000000000"    20651    21    21   \u0022\u0031\u0030\u0037\u0030\u0033\u0030\u0038\u0030\u0031\u0030\u0030\u0030\u0030\u0030\u0030\u0030\u0030\u0030\u0030\u0022  
    "1080404120000000000"    20401    21    21   \u0022\u0031\u0030\u0038\u0030\u0034\u0030\u0034\u0031\u0032\u0030\u0030\u0030\u0030\u0030\u0030\u0030\u0030\u0030\u0030\u0022  
    "1060105070000000000"    20167    21    21   \u0022\u0031\u0030\u0036\u0030\u0031\u0030\u0035\u0030\u0037\u0030\u0030\u0030\u0030\u0030\u0030\u0030\u0030\u0030\u0030\u0022  
    "1080315010000000000"    20001    21    21   \u0022\u0031\u0030\u0038\u0030\u0033\u0031\u0035\u0030\u0031\u0030\u0030\u0030\u0030\u0030\u0030\u0030\u0030\u0030\u0030\u0022  
    "1070601100000000000"    19956    21    21   \u0022\u0031\u0030\u0037\u0030\u0036\u0030\u0031\u0031\u0030\u0030\u0030\u0030\u0030\u0030\u0030\u0030\u0030\u0030\u0030\u0022  
    "1090118000000000000"    19924    21    21   \u0022\u0031\u0030\u0039\u0030\u0031\u0031\u0038\u0030\u0030\u0030\u0030\u0030\u0030\u0030\u0030\u0030\u0030\u0030\u0030\u0022  
    "1060102040000000000"    19839    21    21   \u0022\u0031\u0030\u0036\u0030\u0031\u0030\u0032\u0030\u0034\u0030\u0030\u0030\u0030\u0030\u0030\u0030\u0030\u0030\u0030\u0022  
    "1080414040000000000"    19805    21    21   \u0022\u0031\u0030\u0038\u0030\u0034\u0031\u0034\u0030\u0034\u0030\u0030\u0030\u0030\u0030\u0030\u0030\u0030\u0030\u0030\u0022  
    "1090417030000000000"    19662    21    21   \u0022\u0031\u0030\u0039\u0030\u0034\u0031\u0037\u0030\u0033\u0030\u0030\u0030\u0030\u0030\u0030\u0030\u0030\u0030\u0030\u0022  
    "1030302000000000000"    19659    21    21   \u0022\u0031\u0030\u0033\u0030\u0033\u0030\u0032\u0030\u0030\u0030\u0030\u0030\u0030\u0030\u0030\u0030\u0030\u0030\u0030\u0022  
    "1070223020000000000"    19457    21    21   \u0022\u0031\u0030\u0037\u0030\u0032\u0032\u0033\u0030\u0032\u0030\u0030\u0030\u0030\u0030\u0030\u0030\u0030\u0030\u0030\u0022  
    "1090120010000000000"    19386    21    21   \u0022\u0031\u0030\u0039\u0030\u0031\u0032\u0030\u0030\u0031\u0030\u0030\u0030\u0030\u0030\u0030\u0030\u0030\u0030\u0030\u0022  
    "1090123030000000000"    19127    21    21   \u0022\u0031\u0030\u0039\u0030\u0031\u0032\u0033\u0030\u0033\u0030\u0030\u0030\u0030\u0030\u0030\u0030\u0030\u0030\u0030\u0022  
    "3040502029902000000"    19074    21    21   \u0022\u0033\u0030\u0034\u0030\u0035\u0030\u0032\u0030\u0032\u0039\u0039\u0030\u0032\u0030\u0030\u0030\u0030\u0030\u0030\u0022  
    "3040205000000000000"    19021    21    21   \u0022\u0033\u0030\u0034\u0030\u0032\u0030\u0035\u0030\u0030\u0030\u0030\u0030\u0030\u0030\u0030\u0030\u0030\u0030\u0030\u0022  
    "1080403020000000000"    18949    21    21   \u0022\u0031\u0030\u0038\u0030\u0034\u0030\u0033\u0030\u0032\u0030\u0030\u0030\u0030\u0030\u0030\u0030\u0030\u0030\u0030\u0022  
    "1030204010000000000"    18782    21    21   \u0022\u0031\u0030\u0033\u0030\u0032\u0030\u0034\u0030\u0031\u0030\u0030\u0030\u0030\u0030\u0030\u0030\u0030\u0030\u0030\u0022  
                    "006"    18714     5     5                                                                                                   \u0022\u0030\u0030\u0036\u0022  
    "1090511020000000000"    18612    21    21   \u0022\u0031\u0030\u0039\u0030\u0035\u0031\u0031\u0030\u0032\u0030\u0030\u0030\u0030\u0030\u0030\u0030\u0030\u0030\u0030\u0022  
    "1090132020000000000"    18578    21    21   \u0022\u0031\u0030\u0039\u0030\u0031\u0033\u0032\u0030\u0032\u0030\u0030\u0030\u0030\u0030\u0030\u0030\u0030\u0030\u0030\u0022  
    "1090130020000000000"    18528    21    21   \u0022\u0031\u0030\u0039\u0030\u0031\u0033\u0030\u0030\u0032\u0030\u0030\u0030\u0030\u0030\u0030\u0030\u0030\u0030\u0030\u0022  
    "1090604050000000000"    18416    21    21   \u0022\u0031\u0030\u0039\u0030\u0036\u0030\u0034\u0030\u0035\u0030\u0030\u0030\u0030\u0030\u0030\u0030\u0030\u0030\u0030\u0022  
    "1060512020000000000"    18405    21    21   \u0022\u0031\u0030\u0036\u0030\u0035\u0031\u0032\u0030\u0032\u0030\u0030\u0030\u0030\u0030\u0030\u0030\u0030\u0030\u0030\u0022  
    "1030206040000000000"    18312    21    21   \u0022\u0031\u0030\u0033\u0030\u0032\u0030\u0036\u0030\u0034\u0030\u0030\u0030\u0030\u0030\u0030\u0030\u0030\u0030\u0030\u0022  
    "1080403030000000000"    18252    21    21   \u0022\u0031\u0030\u0038\u0030\u0034\u0030\u0033\u0030\u0033\u0030\u0030\u0030\u0030\u0030\u0030\u0030\u0030\u0030\u0030\u0022  
    "1030201030000000000"    18171    21    21   \u0022\u0031\u0030\u0033\u0030\u0032\u0030\u0031\u0030\u0033\u0030\u0030\u0030\u0030\u0030\u0030\u0030\u0030\u0030\u0030\u0022  
    "1030307990000000000"    18101    21    21   \u0022\u0031\u0030\u0033\u0030\u0033\u0030\u0037\u0039\u0039\u0030\u0030\u0030\u0030\u0030\u0030\u0030\u0030\u0030\u0030\u0022  
                    "008"    17956     5     5                                                                                                   \u0022\u0030\u0030\u0038\u0022  
    "1040106990000000000"    17906    21    21   \u0022\u0031\u0030\u0034\u0030\u0031\u0030\u0036\u0039\u0039\u0030\u0030\u0030\u0030\u0030\u0030\u0030\u0030\u0030\u0030\u0022  
    "1090601020000000000"    17738    21    21   \u0022\u0031\u0030\u0039\u0030\u0036\u0030\u0031\u0030\u0032\u0030\u0030\u0030\u0030\u0030\u0030\u0030\u0030\u0030\u0030\u0022  
    "1070102030100000000"    17722    21    21   \u0022\u0031\u0030\u0037\u0030\u0031\u0030\u0032\u0030\u0033\u0030\u0031\u0030\u0030\u0030\u0030\u0030\u0030\u0030\u0030\u0022  
                      "0"    17638     3     3                                                                                                               \u0022\u0030\u0022  
    "1080416000000000000"    17635    21    21   \u0022\u0031\u0030\u0038\u0030\u0034\u0031\u0036\u0030\u0030\u0030\u0030\u0030\u0030\u0030\u0030\u0030\u0030\u0030\u0030\u0022  
    "1090130010000000000"    17619    21    21   \u0022\u0031\u0030\u0039\u0030\u0031\u0033\u0030\u0030\u0031\u0030\u0030\u0030\u0030\u0030\u0030\u0030\u0030\u0030\u0030\u0022  
    "1070599000000000000"    17571    21    21   \u0022\u0031\u0030\u0037\u0030\u0035\u0039\u0039\u0030\u0030\u0030\u0030\u0030\u0030\u0030\u0030\u0030\u0030\u0030\u0030\u0022  
    "1090253100000000000"    17475    21    21   \u0022\u0031\u0030\u0039\u0030\u0032\u0035\u0033\u0031\u0030\u0030\u0030\u0030\u0030\u0030\u0030\u0030\u0030\u0030\u0030\u0022  
    "1090310010100000000"    17466    21    21   \u0022\u0031\u0030\u0039\u0030\u0033\u0031\u0030\u0030\u0031\u0030\u0031\u0030\u0030\u0030\u0030\u0030\u0030\u0030\u0030\u0022  
    "1060202010000000000"    17429    21    21   \u0022\u0031\u0030\u0036\u0030\u0032\u0030\u0032\u0030\u0031\u0030\u0030\u0030\u0030\u0030\u0030\u0030\u0030\u0030\u0030\u0022  
    "1070601070000000000"    17320    21    21   \u0022\u0031\u0030\u0037\u0030\u0036\u0030\u0031\u0030\u0037\u0030\u0030\u0030\u0030\u0030\u0030\u0030\u0030\u0030\u0030\u0022  
    "1030201010000000000"    17289    21    21   \u0022\u0031\u0030\u0033\u0030\u0032\u0030\u0031\u0030\u0031\u0030\u0030\u0030\u0030\u0030\u0030\u0030\u0030\u0030\u0030\u0022  
    "1070215070000000000"    17262    21    21   \u0022\u0031\u0030\u0037\u0030\u0032\u0031\u0035\u0030\u0037\u0030\u0030\u0030\u0030\u0030\u0030\u0030\u0030\u0030\u0030\u0022  
    "3070201020000000000"    17134    21    21   \u0022\u0033\u0030\u0037\u0030\u0032\u0030\u0031\u0030\u0032\u0030\u0030\u0030\u0030\u0030\u0030\u0030\u0030\u0030\u0030\u0022  
    "3030101000000000000"    16970    21    21   \u0022\u0033\u0030\u0033\u0030\u0031\u0030\u0031\u0030\u0030\u0030\u0030\u0030\u0030\u0030\u0030\u0030\u0030\u0030\u0030\u0022  
                     "03"    16967     4     4                                                                                                         \u0022\u0030\u0033\u0022  
    "1090408040000000000"    16912    21    21   \u0022\u0031\u0030\u0039\u0030\u0034\u0030\u0038\u0030\u0034\u0030\u0030\u0030\u0030\u0030\u0030\u0030\u0030\u0030\u0030\u0022  
    "3040304010000000000"    16775    21    21   \u0022\u0033\u0030\u0034\u0030\u0033\u0030\u0034\u0030\u0031\u0030\u0030\u0030\u0030\u0030\u0030\u0030\u0030\u0030\u0030\u0022  
    "1080404110000000000"    16404    21    21   \u0022\u0031\u0030\u0038\u0030\u0034\u0030\u0034\u0031\u0031\u0030\u0030\u0030\u0030\u0030\u0030\u0030\u0030\u0030\u0030\u0022  
    "1090512010000000000"    16381    21    21   \u0022\u0031\u0030\u0039\u0030\u0035\u0031\u0032\u0030\u0031\u0030\u0030\u0030\u0030\u0030\u0030\u0030\u0030\u0030\u0030\u0022  
    "1070221010000000000"    16367    21    21   \u0022\u0031\u0030\u0037\u0030\u0032\u0032\u0031\u0030\u0031\u0030\u0030\u0030\u0030\u0030\u0030\u0030\u0030\u0030\u0030\u0022  
    "1090310011000000000"    16209    21    21   \u0022\u0031\u0030\u0039\u0030\u0033\u0031\u0030\u0030\u0031\u0031\u0030\u0030\u0030\u0030\u0030\u0030\u0030\u0030\u0030\u0022  
    "1090117040000000000"    16122    21    21   \u0022\u0031\u0030\u0039\u0030\u0031\u0031\u0037\u0030\u0034\u0030\u0030\u0030\u0030\u0030\u0030\u0030\u0030\u0030\u0030\u0022  
    "1090519990000000000"    15969    21    21   \u0022\u0031\u0030\u0039\u0030\u0035\u0031\u0039\u0039\u0039\u0030\u0030\u0030\u0030\u0030\u0030\u0030\u0030\u0030\u0030\u0022  
    "1070602010000000000"    15957    21    21   \u0022\u0031\u0030\u0037\u0030\u0036\u0030\u0032\u0030\u0031\u0030\u0030\u0030\u0030\u0030\u0030\u0030\u0030\u0030\u0030\u0022  
    "1090310020600000000"    15948    21    21   \u0022\u0031\u0030\u0039\u0030\u0033\u0031\u0030\u0030\u0032\u0030\u0036\u0030\u0030\u0030\u0030\u0030\u0030\u0030\u0030\u0022  
    "1090509020000000000"    15930    21    21   \u0022\u0031\u0030\u0039\u0030\u0035\u0030\u0039\u0030\u0032\u0030\u0030\u0030\u0030\u0030\u0030\u0030\u0030\u0030\u0030\u0022  
    "3060200000000000000"    15877    21    21   \u0022\u0033\u0030\u0036\u0030\u0032\u0030\u0030\u0030\u0030\u0030\u0030\u0030\u0030\u0030\u0030\u0030\u0030\u0030\u0030\u0022  
    "1070224010000000000"    15839    21    21   \u0022\u0031\u0030\u0037\u0030\u0032\u0032\u0034\u0030\u0031\u0030\u0030\u0030\u0030\u0030\u0030\u0030\u0030\u0030\u0030\u0022  
    "1090119030000000000"    15817    21    21   \u0022\u0031\u0030\u0039\u0030\u0031\u0031\u0039\u0030\u0033\u0030\u0030\u0030\u0030\u0030\u0030\u0030\u0030\u0030\u0030\u0022  
    "1050201040000000000"    15797    21    21   \u0022\u0031\u0030\u0035\u0030\u0032\u0030\u0031\u0030\u0034\u0030\u0030\u0030\u0030\u0030\u0030\u0030\u0030\u0030\u0030\u0022  
    "1090602990000000000"    15774    21    21   \u0022\u0031\u0030\u0039\u0030\u0036\u0030\u0032\u0039\u0039\u0030\u0030\u0030\u0030\u0030\u0030\u0030\u0030\u0030\u0030\u0022  
    "1090520000000000000"    15736    21    21   \u0022\u0031\u0030\u0039\u0030\u0035\u0032\u0030\u0030\u0030\u0030\u0030\u0030\u0030\u0030\u0030\u0030\u0030\u0030\u0030\u0022  
    "1080128030000000000"    15629    21    21   \u0022\u0031\u0030\u0038\u0030\u0031\u0032\u0038\u0030\u0033\u0030\u0030\u0030\u0030\u0030\u0030\u0030\u0030\u0030\u0030\u0022  
    "1030105010400000000"    15573    21    21   \u0022\u0031\u0030\u0033\u0030\u0031\u0030\u0035\u0030\u0031\u0030\u0034\u0030\u0030\u0030\u0030\u0030\u0030\u0030\u0030\u0022  
                    "009"    15499     5     5                                                                                                   \u0022\u0030\u0030\u0039\u0022  
    "1090407010000000000"    15465    21    21   \u0022\u0031\u0030\u0039\u0030\u0034\u0030\u0037\u0030\u0031\u0030\u0030\u0030\u0030\u0030\u0030\u0030\u0030\u0030\u0030\u0022  
    "1060201030000000000"    15450    21    21   \u0022\u0031\u0030\u0036\u0030\u0032\u0030\u0031\u0030\u0033\u0030\u0030\u0030\u0030\u0030\u0030\u0030\u0030\u0030\u0030\u0022  
    "1080207090000000000"    15385    21    21   \u0022\u0031\u0030\u0038\u0030\u0032\u0030\u0037\u0030\u0039\u0030\u0030\u0030\u0030\u0030\u0030\u0030\u0030\u0030\u0030\u0022  
    "1090127010000000000"    15347    21    21   \u0022\u0031\u0030\u0039\u0030\u0031\u0032\u0037\u0030\u0031\u0030\u0030\u0030\u0030\u0030\u0030\u0030\u0030\u0030\u0030\u0022  
    "3040502019900000000"    15298    21    21   \u0022\u0033\u0030\u0034\u0030\u0035\u0030\u0032\u0030\u0031\u0039\u0039\u0030\u0030\u0030\u0030\u0030\u0030\u0030\u0030\u0022  
    "1090418010000000000"    15230    21    21   \u0022\u0031\u0030\u0039\u0030\u0034\u0031\u0038\u0030\u0031\u0030\u0030\u0030\u0030\u0030\u0030\u0030\u0030\u0030\u0030\u0022  
    —— 共 549742 个，上面只列了影响行数最大的 200 个

. 
. * 单位：中文本来就合法，只抓控制字符和各种隐形空白
. *   \x00-\x1F 控制符  \x7F DEL  \u00A0 不间断空格  \u200B-\u200F 零宽/方向标记
. *   \u2028\u2029 行/段分隔  \u3000 全角空格  \uFEFF BOM
. _hexscan "firm_buy.csv" 3 "单位" "[\x00-\x1F\x7F\u00A0\u200B-\u200F\u2028\u2029\u3000\uFEFF]"

  ----------------------------------------------------------
  firm_buy.csv  第 3 列：单位
    该列行数        : 15243649
--Break--
r(1);

end of do-file

--Break--
r(1);

. exit, clear
