--------------------------------------------------------------------------------------------------------------------------------------------------------------------------------------------------------
      name:  <unnamed>
       log:  G:/Kuangyu_Temp/Outsource/productivity/productivity/large_sample/unit_harmonization/logs/02_clean.log
  log type:  text
 opened on:  29 Jul 2026, 16:57:39

. 
. *=====================================================================
. * 02_clean —— firm 侧清洗（表1 firm_buy / 表2 firm_sell）
. *
. * 输入：$dta/firm_buy.dta   $dta/firm_sell.dta   （01 体检后已存好的 dta）
. *       $root/bianma.dta    （2,778 个合法 9 位产品码）
. *
. * 产出：$dta/firm_buy_val.dta    金额有效，数量可缺失 —— 供外包识别 min(买,卖) 用
. *       $dta/firm_buy_clean.dta  金额+数量都有效 —— 供单价/画像用
. *       （firm_sell 同）
. *       $out/cleaning_attrition.xlsx  逐步损耗表
. *
. * 口径（沿用项目既定逻辑，未做改动）：
. *   - 产品键 = 项目代码右补零至 19 位 → 取前 9 位 → 与 bianma 的 2,778 码 inner join
. *   - 单价 p = 金额合计 / 数量合计，所以算价的样本要求 value>0 且 qty>0
. *   - 外包 = 同企业同产品既买又卖，外包额 = min(买,卖)，只用到金额
. *
. * 单位这一步【只做最保守处理】：ustrtrim 去空白 + 空/NULL 归为 UNKNOWN。
. *   同义词合并（公斤=kg=KG=千克、个=只=PCS…）一律不做 —— 等 03 画像看完
. *   77,253 个取值的完整分布再建映射表，现在合并等于拍脑袋。
. *   注意用 ustrtrim() 不是 trim()：trim 只认 ASCII 空格，去不掉全角空格
. *   (\u3000) 和不间断空格 (\u00a0)，而这两个在本数据里确实存在。
. *=====================================================================
. 
. 
. *########################### Part A：准备 bianma ###########################
. use "$root/bianma.dta", clear

. di _n as text ">>> bianma.dta 结构"

>>> bianma.dta 结构

. describe

Contains data from G:/Kuangyu_Temp/Outsource/bianma.dta
 Observations:         2,778                  
    Variables:             1                  25 May 2026 14:01
--------------------------------------------------------------------------------------------------------------------------------------------------------------------------------------------------------
Variable      Storage   Display    Value
    name         type    format    label      Variable label
--------------------------------------------------------------------------------------------------------------------------------------------------------------------------------------------------------
product_id      str9    %9s                   
--------------------------------------------------------------------------------------------------------------------------------------------------------------------------------------------------------
Sorted by: 

. 
. * 键名兜底：优先用 product_id；只有一个变量时就把它当作产品码
. capture confirm variable product_id

. if _rc {
.     qui ds
.     local bv = r(varlist)
.     local nv : word count `bv'
.     if `nv' == 1 {
.         rename `bv' product_id
.     }
.     else {
.         di as error "！bianma.dta 里没有 product_id 变量，请照上面的 describe 手动指定"
.         exit 198
.     }
. }

. 
. * 产品码必须是字符串，且是 9 位（数值型会把前导零吃掉）
. capture confirm string variable product_id

. if _rc {
.     tostring product_id, replace format(%09.0f) force
. }

. qui replace product_id = ustrtrim(product_id)

. keep product_id

. qui duplicates drop

. qui count

. di as text ">>> bianma 合法 9 位码数 = " as result r(N)
>>> bianma 合法 9 位码数 = 2778

. tempfile bianma9

. qui save "`bianma9'", replace

. 
. 
. *########################### 损耗记录 ###########################
. * _snap：给当前内存中的数据拍一张快照，post 一行
. *   args 1 = 步骤名   2 = 用哪个变量数"产品数"
. capture program drop _snap

. program define _snap
  1.     args step pvar
  2. 
.     qui count
  3.     local n = r(N)
  4. 
.     tempvar tf
  5.     qui egen byte `tf' = tag(firm_id)
  6.     qui count if `tf'
  7.     local f = r(N)
  8.     drop `tf'
  9. 
.     tempvar tp
 10.     qui egen byte `tp' = tag(`pvar')
 11.     qui count if `tp'
 12.     local p = r(N)
 13.     drop `tp'
 14. 
.     qui summ value, meanonly
 15.     local v = r(sum)
 16. 
.     post $H ("$SIDE") ("`step'") (`n') (`f') (`p') (`v')
 17.     di as text "    [`step']" _col(34) "行=" as result %14.0fc `n' ///
>        as text "  企业=" as result %8.0fc `f' ///
>        as text "  产品=" as result %9.0fc `p' ///
>        as text "  金额=" as result %16.0fc `v'
 18. end

. 
. tempfile attr

. postfile hh str10 side str28 step double nrow double nfirm double nprod double value ///
>     using "`attr'", replace
(file F:\StataTemp\ST_b1cbc_000002.tmp not found)

. global H hh

. 
. 
. *########################### Part B：逐侧清洗 ###########################
. foreach side in buy sell {
  2. 
.     global SIDE "`side'"
  3. 
.     di _n(2) as text "================================================================"
  4.     di as result "  firm_`side'.dta"
  5.     di as text "================================================================"
  6. 
.     use "$dta/firm_`side'.dta", clear
  7. 
.     * ---- 列名统一成英文（原始列名是中文，import 时 ASCII 部分被转小写）----
.     capture rename 购方企业id firm_id
  8.     capture rename 销方企业id firm_id
  9.     capture rename 项目代码   product_code
 10.     capture rename 单位       unit
 11.     capture rename 金额合计   value
 12.     capture rename 数量合计   qty
 13. 
.     * 产品码必须是字符串（数值型会丢精度、吃前导零）
.     capture confirm string variable product_code
 14.     if _rc {
 15.         di as error "！product_code 是数值型 —— 19 位码已经丢精度，需要回到 CSV 用 stringcols 重读"
 16.         exit 198
 17.     }
 18. 
.     _snap "0 原始" product_code
 19. 
.     * ---- B1 丢掉解析残骸：year 缺失的行 ----
.     * 01 体检里 firm_buy 有 14 行 year 缺失。year 是 SQL 里的常数，不可能缺失，
.     * 只能是 CSV 里孤立的引号把两行拼坏留下的残骸，整行不可信。
.     qui drop if missing(year)
 20.     _snap "1 去 year 缺失" product_code
 21. 
.     * ---- B2 项目代码：必须非空且纯数字 ----
.     qui replace product_code = ustrtrim(product_code)
 22.     qui drop if product_code == ""
 23.     qui drop if ustrregexm(product_code, "[^0-9]")
 24.     _snap "2 去空/非纯数字码" product_code
 25. 
.     * ---- B3 右补零至 19 位 → 取前 9 位 ----
.     qui gen str19 product_19 = substr(product_code + "0000000000000000000", 1, 19)
 26.     qui gen str9  product_id = substr(product_19, 1, 9)
 27.     _snap "3 取前9位" product_id
 28. 
.     * ---- B4 并 bianma，只留合法产品码 ----
.     qui merge m:1 product_id using "`bianma9'"
 29.     qui drop if _merge == 2
 30.     qui keep if _merge == 3
 31.     drop _merge
 32.     _snap "4 匹配 bianma" product_id
 33. 
.     * ---- B5 金额有效（红冲净额 ≤0 的丢掉）----
.     qui drop if missing(value)
 34.     qui drop if value <= 0
 35.     _snap "5 去金额<=0" product_id
 36. 
.     * ---- B6 单位最保守处理 ----
.     * ustrtrim 去掉首尾空白（含全角空格/不间断空格），空串与字面 NULL 归 UNKNOWN。
.     * 不做任何同义词合并。
.     qui replace unit = ustrtrim(unit)
 37.     qui replace unit = "UNKNOWN" if unit == ""
 38.     qui replace unit = "UNKNOWN" if inlist(upper(unit), "NULL", "(NULL)", "NA", "N/A", "#N/A", "NAN")
 39.     qui count if unit == "UNKNOWN"
 40.     di as text "    单位归为 UNKNOWN 的行数 = " as result r(N)
 41. 
.     * ---- B7 瘦身：19 位码和原始码到这里已经用不到了 ----
.     * 顺手 compress —— unit 是 str48，实际值大多两三个字符，preserve 的临时文件能小一大截
.     drop product_code product_19
 42.     qui compress
 43. 
.     * ---- B8 落金额口径的产物（数量可缺失，供外包识别 min(买,卖) 用）----
.     * 注意：这一版【保留】数量缺失/非正的行，因为外包额只用金额。
.     * 若在这里就把数量无效的行丢掉，外包识别会白白损失一批交易
.     * （买方侧数量缺失占 7.3%，不是小数目）。
.     * 提醒：collapse (sum) 把缺失当 0 加，所以这份数据里 qty==0 的含义是
.     *       "该组没有任何有效数量"，不要拿它去算单价。
.     preserve
 44.         qui collapse (sum) value qty, by(firm_id product_id unit year)
 45.         qui compress
 46.         qui save "$dta/firm_`side'_val.dta", replace
 47.         qui count
 48.         di as text "    → firm_`side'_val.dta   行数 = " as result r(N)
 49.     restore
 50. 
.     * ---- B9 数量有效（算单价必须）----
.     qui drop if missing(qty)
 51.     qui drop if qty <= 0
 52.     _snap "6 去数量缺失/<=0" product_id
 53. 
.     * ---- B10 按 (企业, 9位产品, 单位, 年) 汇总 ----
.     * 取前 9 位之后，同一 (企业,产品,单位,年) 会有多行（原来是不同的 19 位码），必须合并
.     qui collapse (sum) value qty, by(firm_id product_id unit year)
 54.     _snap "7 collapse 后" product_id
 55. 
.     qui gen double p = value / qty
 56.     label var p "单价 = 金额合计/数量合计（仅在同一 unit 内可比）"
 57. 
.     qui compress
 58.     qui save "$dta/firm_`side'_clean.dta", replace
 59.     qui count
 60.     di as text "    → firm_`side'_clean.dta 行数 = " as result r(N)
 61. }


================================================================
  firm_buy.dta
================================================================
    [0 原始]                     行=    15,243,641  企业= 100,000  产品=  549,733  金额=   8925363628197
    [1 去 year 缺失]             行=    15,243,634  企业= 100,000  产品=  549,733  金额=   8925363628197
    [2 去空/非纯数字码]          行=    14,687,747  企业= 100,000  产品=  275,870  金额=   8745652511921
    [3 取前9位]                  行=    14,687,747  企业= 100,000  产品=  206,265  金额=   8745652511921
    [4 匹配 bianma]              行=    11,846,745  企业=  99,985  产品=    2,774  金额=   8267998047113
    [5 去金额<=0]                行=    11,273,179  企业=  99,983  产品=    2,774  金额=   8367493410645
    单位归为 UNKNOWN 的行数 = 983292
    → firm_buy_val.dta   行数 = 11029950
    [6 去数量缺失/<=0]           行=    10,882,548  企业=  99,848  产品=    2,772  金额=   8192789602674
    [7 collapse 后]              行=    10,651,497  企业=  99,848  产品=    2,772  金额=   8192789602674
    → firm_buy_clean.dta 行数 = 10651497


================================================================
  firm_sell.dta
================================================================
    [0 原始]                     行=     5,510,821  企业= 100,000  产品=1,140,246  金额=   9324043724155
    [1 去 year 缺失]             行=     5,510,821  企业= 100,000  产品=1,140,246  金额=   9324043724155
    [2 去空/非纯数字码]          行=     4,332,282  企业= 100,000  产品=  154,950  金额=   9078198353597
    [3 取前9位]                  行=     4,332,282  企业= 100,000  产品=  117,701  金额=   9078198353597
    [4 匹配 bianma]              行=     3,009,719  企业=  99,752  产品=    2,754  金额=   8623404636174
    [5 去金额<=0]                行=     2,951,054  企业=  99,748  产品=    2,754  金额=   8703094388895
    单位归为 UNKNOWN 的行数 = 190115
    → firm_sell_val.dta   行数 = 2905053
    [6 去数量缺失/<=0]           行=     2,882,328  企业=  96,479  产品=    2,750  金额=   8295971686077
    [7 collapse 后]              行=     2,838,051  企业=  96,479  产品=    2,750  金额=   8295971686077
    → firm_sell_clean.dta 行数 = 2838051

. 
. postclose hh

. 
. 
. *########################### Part C：损耗表 ###########################
. use "`attr'", clear

. 
. * 相对上一步的损耗，以及相对原始的累计留存
. bysort side (step): gen double row_keep = nrow / nrow[1]

. bysort side (step): gen double val_keep = value / value[1]

. bysort side (step): gen double row_drop = 1 - nrow / nrow[_n-1]
(2 missing values generated)

. 
. format row_keep val_keep row_drop %6.4f

. format nrow nfirm nprod %14.0fc

. format value %18.0fc

. 
. di _n(2) as text "================================================================"


================================================================

. di as result "  逐步损耗表"
  逐步损耗表

. di as text "================================================================"
================================================================

. list side step nrow nfirm nprod value row_drop row_keep val_keep, clean noobs

    side                step         nrow     nfirm       nprod               value   row_drop   row_keep   val_keep  
     buy              0 原始   15,243,641   100,000     549,733   8,925,363,628,197          .     1.0000     1.0000  
     buy      1 去 year 缺失   15,243,634   100,000     549,733   8,925,363,628,197     0.0000     1.0000     1.0000  
     buy   2 去空/非纯数字码   14,687,747   100,000     275,870   8,745,652,511,921     0.0365     0.9635     0.9799  
     buy           3 取前9位   14,687,747   100,000     206,265   8,745,652,511,921     0.0000     0.9635     0.9799  
     buy       4 匹配 bianma   11,846,745    99,985       2,774   8,267,998,047,113     0.1934     0.7772     0.9263  
     buy         5 去金额<=0   11,273,179    99,983       2,774   8,367,493,410,645     0.0484     0.7395     0.9375  
     buy    6 去数量缺失/<=0   10,882,548    99,848       2,772   8,192,789,602,674     0.0347     0.7139     0.9179  
     buy       7 collapse 后   10,651,497    99,848       2,772   8,192,789,602,674     0.0212     0.6988     0.9179  
    sell              0 原始    5,510,821   100,000   1,140,246   9,324,043,724,155          .     1.0000     1.0000  
    sell      1 去 year 缺失    5,510,821   100,000   1,140,246   9,324,043,724,155     0.0000     1.0000     1.0000  
    sell   2 去空/非纯数字码    4,332,282   100,000     154,950   9,078,198,353,597     0.2139     0.7861     0.9736  
    sell           3 取前9位    4,332,282   100,000     117,701   9,078,198,353,597     0.0000     0.7861     0.9736  
    sell       4 匹配 bianma    3,009,719    99,752       2,754   8,623,404,636,174     0.3053     0.5461     0.9249  
    sell         5 去金额<=0    2,951,054    99,748       2,754   8,703,094,388,895     0.0195     0.5355     0.9334  
    sell    6 去数量缺失/<=0    2,882,328    96,479       2,750   8,295,971,686,077     0.0233     0.5230     0.8897  
    sell       7 collapse 后    2,838,051    96,479       2,750   8,295,971,686,077     0.0154     0.5150     0.8897  

. 
. export excel using "$out/cleaning_attrition.xlsx", firstrow(variables) replace
file G:/Kuangyu_Temp/Outsource/productivity/productivity/large_sample/unit_harmonization/cleaning_attrition.xlsx saved

. 
. di _n(2) as result "==== 完成 ===="


==== 完成 ====

. di as text "  数据 : $dta/firm_{buy,sell}_val.dta   （金额口径，供外包识别）"
  数据 : G:/Kuangyu_Temp/Outsource/productivity/large/firm_{buy,sell}_val.dta   （金额口径，供外包识别）

. di as text "         $dta/firm_{buy,sell}_clean.dta （金额+数量口径，供单价/画像）"
         G:/Kuangyu_Temp/Outsource/productivity/large/firm_{buy,sell}_clean.dta （金额+数量口径，供单价/画像）

. di as text "  损耗 : $out/cleaning_attrition.xlsx"
  损耗 : G:/Kuangyu_Temp/Outsource/productivity/productivity/large_sample/unit_harmonization/cleaning_attrition.xlsx

. di as text "  日志 : $log/02_clean.log"
  日志 : G:/Kuangyu_Temp/Outsource/productivity/productivity/large_sample/unit_harmonization/logs/02_clean.log

. log close
      name:  <unnamed>
       log:  G:/Kuangyu_Temp/Outsource/productivity/productivity/large_sample/unit_harmonization/logs/02_clean.log
  log type:  text
 closed on:  29 Jul 2026, 17:02:46
--------------------------------------------------------------------------------------------------------------------------------------------------------------------------------------------------------
